Archive member included to satisfy reference by file (symbol)

e:/embeded system course/17/interface/avr-gcc-10.1.0-x64-windows/avr-gcc-10.1.0-x64-windows/bin/../lib/gcc/avr/10.1.0/avr5\libgcc.a(_exit.o)
                              e:/embeded system course/17/interface/avr-gcc-10.1.0-x64-windows/avr-gcc-10.1.0-x64-windows/bin/../lib/gcc/avr/10.1.0/../../../../avr/lib/avr5/crtatmega32.o (exit)
e:/embeded system course/17/interface/avr-gcc-10.1.0-x64-windows/avr-gcc-10.1.0-x64-windows/bin/../lib/gcc/avr/10.1.0/avr5\libgcc.a(_copy_data.o)
                              ./SPI_program.o (__do_copy_data)
e:/embeded system course/17/interface/avr-gcc-10.1.0-x64-windows/avr-gcc-10.1.0-x64-windows/bin/../lib/gcc/avr/10.1.0/avr5\libgcc.a(_clear_bss.o)
                              ./SPI_program.o (__do_clear_bss)
e:/embeded system course/17/interface/avr-gcc-10.1.0-x64-windows/avr-gcc-10.1.0-x64-windows/bin/../lib/gcc/avr/10.1.0/../../../../avr/lib/avr5\libm.a(cmpsf2.o)
                              ./SPI_program.o (__ltsf2)
e:/embeded system course/17/interface/avr-gcc-10.1.0-x64-windows/avr-gcc-10.1.0-x64-windows/bin/../lib/gcc/avr/10.1.0/../../../../avr/lib/avr5\libm.a(fixunssfsi.o)
                              ./SPI_program.o (__fixunssfsi)
e:/embeded system course/17/interface/avr-gcc-10.1.0-x64-windows/avr-gcc-10.1.0-x64-windows/bin/../lib/gcc/avr/10.1.0/../../../../avr/lib/avr5\libm.a(fp_cmp.o)
                              e:/embeded system course/17/interface/avr-gcc-10.1.0-x64-windows/avr-gcc-10.1.0-x64-windows/bin/../lib/gcc/avr/10.1.0/../../../../avr/lib/avr5\libm.a(cmpsf2.o) (__fp_cmp)
e:/embeded system course/17/interface/avr-gcc-10.1.0-x64-windows/avr-gcc-10.1.0-x64-windows/bin/../lib/gcc/avr/10.1.0/../../../../avr/lib/avr5\libm.a(fp_split3.o)
                              e:/embeded system course/17/interface/avr-gcc-10.1.0-x64-windows/avr-gcc-10.1.0-x64-windows/bin/../lib/gcc/avr/10.1.0/../../../../avr/lib/avr5\libm.a(fixunssfsi.o) (__fp_splitA)
e:/embeded system course/17/interface/avr-gcc-10.1.0-x64-windows/avr-gcc-10.1.0-x64-windows/bin/../lib/gcc/avr/10.1.0/../../../../avr/lib/avr5\libm.a(fp_zero.o)
                              e:/embeded system course/17/interface/avr-gcc-10.1.0-x64-windows/avr-gcc-10.1.0-x64-windows/bin/../lib/gcc/avr/10.1.0/../../../../avr/lib/avr5\libm.a(fixunssfsi.o) (__fp_zero)
e:/embeded system course/17/interface/avr-gcc-10.1.0-x64-windows/avr-gcc-10.1.0-x64-windows/bin/../lib/gcc/avr/10.1.0/../../../../avr/lib/avr5\libm.a(gesf2.o)
                              ./SPI_program.o (__gtsf2)
e:/embeded system course/17/interface/avr-gcc-10.1.0-x64-windows/avr-gcc-10.1.0-x64-windows/bin/../lib/gcc/avr/10.1.0/../../../../avr/lib/avr5\libm.a(mulsf3.o)
                              ./SPI_program.o (__mulsf3)
e:/embeded system course/17/interface/avr-gcc-10.1.0-x64-windows/avr-gcc-10.1.0-x64-windows/bin/../lib/gcc/avr/10.1.0/../../../../avr/lib/avr5\libm.a(mulsf3x.o)
                              e:/embeded system course/17/interface/avr-gcc-10.1.0-x64-windows/avr-gcc-10.1.0-x64-windows/bin/../lib/gcc/avr/10.1.0/../../../../avr/lib/avr5\libm.a(mulsf3.o) (__mulsf3x)
e:/embeded system course/17/interface/avr-gcc-10.1.0-x64-windows/avr-gcc-10.1.0-x64-windows/bin/../lib/gcc/avr/10.1.0/../../../../avr/lib/avr5\libm.a(fp_inf.o)
                              e:/embeded system course/17/interface/avr-gcc-10.1.0-x64-windows/avr-gcc-10.1.0-x64-windows/bin/../lib/gcc/avr/10.1.0/../../../../avr/lib/avr5\libm.a(mulsf3x.o) (__fp_inf)
e:/embeded system course/17/interface/avr-gcc-10.1.0-x64-windows/avr-gcc-10.1.0-x64-windows/bin/../lib/gcc/avr/10.1.0/../../../../avr/lib/avr5\libm.a(fp_nan.o)
                              e:/embeded system course/17/interface/avr-gcc-10.1.0-x64-windows/avr-gcc-10.1.0-x64-windows/bin/../lib/gcc/avr/10.1.0/../../../../avr/lib/avr5\libm.a(mulsf3x.o) (__fp_nan)
e:/embeded system course/17/interface/avr-gcc-10.1.0-x64-windows/avr-gcc-10.1.0-x64-windows/bin/../lib/gcc/avr/10.1.0/../../../../avr/lib/avr5\libm.a(fp_pscA.o)
                              e:/embeded system course/17/interface/avr-gcc-10.1.0-x64-windows/avr-gcc-10.1.0-x64-windows/bin/../lib/gcc/avr/10.1.0/../../../../avr/lib/avr5\libm.a(mulsf3x.o) (__fp_pscA)
e:/embeded system course/17/interface/avr-gcc-10.1.0-x64-windows/avr-gcc-10.1.0-x64-windows/bin/../lib/gcc/avr/10.1.0/../../../../avr/lib/avr5\libm.a(fp_pscB.o)
                              e:/embeded system course/17/interface/avr-gcc-10.1.0-x64-windows/avr-gcc-10.1.0-x64-windows/bin/../lib/gcc/avr/10.1.0/../../../../avr/lib/avr5\libm.a(mulsf3x.o) (__fp_pscB)
e:/embeded system course/17/interface/avr-gcc-10.1.0-x64-windows/avr-gcc-10.1.0-x64-windows/bin/../lib/gcc/avr/10.1.0/../../../../avr/lib/avr5\libm.a(fp_round.o)
                              e:/embeded system course/17/interface/avr-gcc-10.1.0-x64-windows/avr-gcc-10.1.0-x64-windows/bin/../lib/gcc/avr/10.1.0/../../../../avr/lib/avr5\libm.a(mulsf3.o) (__fp_round)

Memory Configuration

Name             Origin             Length             Attributes
text             0x0000000000000000 0x0000000000020000 xr
data             0x0000000000800060 0x000000000000ffa0 rw !x
eeprom           0x0000000000810000 0x0000000000010000 rw !x
fuse             0x0000000000820000 0x0000000000000002 rw !x
lock             0x0000000000830000 0x0000000000000400 rw !x
signature        0x0000000000840000 0x0000000000000400 rw !x
user_signatures  0x0000000000850000 0x0000000000000400 rw !x
*default*        0x0000000000000000 0xffffffffffffffff

Linker script and memory map

LOAD e:/embeded system course/17/interface/avr-gcc-10.1.0-x64-windows/avr-gcc-10.1.0-x64-windows/bin/../lib/gcc/avr/10.1.0/../../../../avr/lib/avr5/crtatmega32.o
LOAD ./DIO_program.o
LOAD ./LED.o
LOAD ./SLAVE.o
LOAD ./SPI_program.o
START GROUP
LOAD e:/embeded system course/17/interface/avr-gcc-10.1.0-x64-windows/avr-gcc-10.1.0-x64-windows/bin/../lib/gcc/avr/10.1.0/avr5\libgcc.a
LOAD e:/embeded system course/17/interface/avr-gcc-10.1.0-x64-windows/avr-gcc-10.1.0-x64-windows/bin/../lib/gcc/avr/10.1.0/../../../../avr/lib/avr5\libm.a
LOAD e:/embeded system course/17/interface/avr-gcc-10.1.0-x64-windows/avr-gcc-10.1.0-x64-windows/bin/../lib/gcc/avr/10.1.0/../../../../avr/lib/avr5\libc.a
LOAD e:/embeded system course/17/interface/avr-gcc-10.1.0-x64-windows/avr-gcc-10.1.0-x64-windows/bin/../lib/gcc/avr/10.1.0/../../../../avr/lib/avr5\libatmega32.a
END GROUP
                0x0000000000020000                __TEXT_REGION_LENGTH__ = DEFINED (__TEXT_REGION_LENGTH__)?__TEXT_REGION_LENGTH__:0x20000
                0x000000000000ffa0                __DATA_REGION_LENGTH__ = DEFINED (__DATA_REGION_LENGTH__)?__DATA_REGION_LENGTH__:0xffa0
                0x0000000000010000                __EEPROM_REGION_LENGTH__ = DEFINED (__EEPROM_REGION_LENGTH__)?__EEPROM_REGION_LENGTH__:0x10000
                [0x0000000000000002]                __FUSE_REGION_LENGTH__ = DEFINED (__FUSE_REGION_LENGTH__)?__FUSE_REGION_LENGTH__:0x400
                0x0000000000000400                __LOCK_REGION_LENGTH__ = DEFINED (__LOCK_REGION_LENGTH__)?__LOCK_REGION_LENGTH__:0x400
                0x0000000000000400                __SIGNATURE_REGION_LENGTH__ = DEFINED (__SIGNATURE_REGION_LENGTH__)?__SIGNATURE_REGION_LENGTH__:0x400
                0x0000000000000400                __USER_SIGNATURE_REGION_LENGTH__ = DEFINED (__USER_SIGNATURE_REGION_LENGTH__)?__USER_SIGNATURE_REGION_LENGTH__:0x400

.hash
 *(.hash)

.dynsym
 *(.dynsym)

.dynstr
 *(.dynstr)

.gnu.version
 *(.gnu.version)

.gnu.version_d
 *(.gnu.version_d)

.gnu.version_r
 *(.gnu.version_r)

.rel.init
 *(.rel.init)

.rela.init
 *(.rela.init)

.rel.text
 *(.rel.text)
 *(.rel.text.*)
 *(.rel.gnu.linkonce.t*)

.rela.text
 *(.rela.text)
 *(.rela.text.*)
 *(.rela.gnu.linkonce.t*)

.rel.fini
 *(.rel.fini)

.rela.fini
 *(.rela.fini)

.rel.rodata
 *(.rel.rodata)
 *(.rel.rodata.*)
 *(.rel.gnu.linkonce.r*)

.rela.rodata
 *(.rela.rodata)
 *(.rela.rodata.*)
 *(.rela.gnu.linkonce.r*)

.rel.data
 *(.rel.data)
 *(.rel.data.*)
 *(.rel.gnu.linkonce.d*)

.rela.data
 *(.rela.data)
 *(.rela.data.*)
 *(.rela.gnu.linkonce.d*)

.rel.ctors
 *(.rel.ctors)

.rela.ctors
 *(.rela.ctors)

.rel.dtors
 *(.rel.dtors)

.rela.dtors
 *(.rela.dtors)

.rel.got
 *(.rel.got)

.rela.got
 *(.rela.got)

.rel.bss
 *(.rel.bss)

.rela.bss
 *(.rela.bss)

.rel.plt
 *(.rel.plt)

.rela.plt
 *(.rela.plt)

.text           0x0000000000000000     0x12c8
 *(.vectors)
 .vectors       0x0000000000000000       0x54 e:/embeded system course/17/interface/avr-gcc-10.1.0-x64-windows/avr-gcc-10.1.0-x64-windows/bin/../lib/gcc/avr/10.1.0/../../../../avr/lib/avr5/crtatmega32.o
                0x0000000000000000                __vector_default
                0x0000000000000000                __vectors
 *(.vectors)
 *(.progmem.gcc*)
                0x0000000000000054                . = ALIGN (0x2)
                0x0000000000000054                __trampolines_start = .
 *(.trampolines)
 .trampolines   0x0000000000000054        0x0 linker stubs
 *(.trampolines*)
                0x0000000000000054                __trampolines_end = .
 *libprintf_flt.a:*(.progmem.data)
 *libc.a:*(.progmem.data)
 *(.progmem.*)
                0x0000000000000054                . = ALIGN (0x2)
 *(.lowtext)
 *(.lowtext*)
                0x0000000000000054                __ctors_start = .
 *(.ctors)
                0x0000000000000054                __ctors_end = .
                0x0000000000000054                __dtors_start = .
 *(.dtors)
                0x0000000000000054                __dtors_end = .
 SORT_BY_NAME(*)(.ctors)
 SORT_BY_NAME(*)(.dtors)
 *(.init0)
 .init0         0x0000000000000054        0x0 e:/embeded system course/17/interface/avr-gcc-10.1.0-x64-windows/avr-gcc-10.1.0-x64-windows/bin/../lib/gcc/avr/10.1.0/../../../../avr/lib/avr5/crtatmega32.o
                0x0000000000000054                __init
 *(.init0)
 *(.init1)
 *(.init1)
 *(.init2)
 .init2         0x0000000000000054        0xc e:/embeded system course/17/interface/avr-gcc-10.1.0-x64-windows/avr-gcc-10.1.0-x64-windows/bin/../lib/gcc/avr/10.1.0/../../../../avr/lib/avr5/crtatmega32.o
 *(.init2)
 *(.init3)
 *(.init3)
 *(.init4)
 .init4         0x0000000000000060       0x16 e:/embeded system course/17/interface/avr-gcc-10.1.0-x64-windows/avr-gcc-10.1.0-x64-windows/bin/../lib/gcc/avr/10.1.0/avr5\libgcc.a(_copy_data.o)
                0x0000000000000060                __do_copy_data
 .init4         0x0000000000000076       0x10 e:/embeded system course/17/interface/avr-gcc-10.1.0-x64-windows/avr-gcc-10.1.0-x64-windows/bin/../lib/gcc/avr/10.1.0/avr5\libgcc.a(_clear_bss.o)
                0x0000000000000076                __do_clear_bss
 *(.init4)
 *(.init5)
 *(.init5)
 *(.init6)
 *(.init6)
 *(.init7)
 *(.init7)
 *(.init8)
 *(.init8)
 *(.init9)
 .init9         0x0000000000000086        0x8 e:/embeded system course/17/interface/avr-gcc-10.1.0-x64-windows/avr-gcc-10.1.0-x64-windows/bin/../lib/gcc/avr/10.1.0/../../../../avr/lib/avr5/crtatmega32.o
 *(.init9)
 *(.text)
 .text          0x000000000000008e        0x4 e:/embeded system course/17/interface/avr-gcc-10.1.0-x64-windows/avr-gcc-10.1.0-x64-windows/bin/../lib/gcc/avr/10.1.0/../../../../avr/lib/avr5/crtatmega32.o
                0x000000000000008e                __vector_1
                0x000000000000008e                __bad_interrupt
                0x000000000000008e                __vector_6
                0x000000000000008e                __vector_3
                0x000000000000008e                __vector_11
                0x000000000000008e                __vector_13
                0x000000000000008e                __vector_17
                0x000000000000008e                __vector_19
                0x000000000000008e                __vector_7
                0x000000000000008e                __vector_5
                0x000000000000008e                __vector_4
                0x000000000000008e                __vector_9
                0x000000000000008e                __vector_2
                0x000000000000008e                __vector_15
                0x000000000000008e                __vector_8
                0x000000000000008e                __vector_14
                0x000000000000008e                __vector_10
                0x000000000000008e                __vector_16
                0x000000000000008e                __vector_18
                0x000000000000008e                __vector_20
 .text          0x0000000000000092        0x0 ./DIO_program.o
 .text          0x0000000000000092        0x0 ./LED.o
 .text          0x0000000000000092        0x0 ./SLAVE.o
 .text          0x0000000000000092        0x0 ./SPI_program.o
 .text          0x0000000000000092        0x0 e:/embeded system course/17/interface/avr-gcc-10.1.0-x64-windows/avr-gcc-10.1.0-x64-windows/bin/../lib/gcc/avr/10.1.0/avr5\libgcc.a(_exit.o)
 .text          0x0000000000000092        0x0 e:/embeded system course/17/interface/avr-gcc-10.1.0-x64-windows/avr-gcc-10.1.0-x64-windows/bin/../lib/gcc/avr/10.1.0/avr5\libgcc.a(_copy_data.o)
 .text          0x0000000000000092        0x0 e:/embeded system course/17/interface/avr-gcc-10.1.0-x64-windows/avr-gcc-10.1.0-x64-windows/bin/../lib/gcc/avr/10.1.0/avr5\libgcc.a(_clear_bss.o)
 .text          0x0000000000000092        0x0 e:/embeded system course/17/interface/avr-gcc-10.1.0-x64-windows/avr-gcc-10.1.0-x64-windows/bin/../lib/gcc/avr/10.1.0/../../../../avr/lib/avr5\libm.a(cmpsf2.o)
 .text          0x0000000000000092        0x0 e:/embeded system course/17/interface/avr-gcc-10.1.0-x64-windows/avr-gcc-10.1.0-x64-windows/bin/../lib/gcc/avr/10.1.0/../../../../avr/lib/avr5\libm.a(fixunssfsi.o)
 .text          0x0000000000000092        0x0 e:/embeded system course/17/interface/avr-gcc-10.1.0-x64-windows/avr-gcc-10.1.0-x64-windows/bin/../lib/gcc/avr/10.1.0/../../../../avr/lib/avr5\libm.a(fp_cmp.o)
 .text          0x0000000000000092        0x0 e:/embeded system course/17/interface/avr-gcc-10.1.0-x64-windows/avr-gcc-10.1.0-x64-windows/bin/../lib/gcc/avr/10.1.0/../../../../avr/lib/avr5\libm.a(fp_split3.o)
 .text          0x0000000000000092        0x0 e:/embeded system course/17/interface/avr-gcc-10.1.0-x64-windows/avr-gcc-10.1.0-x64-windows/bin/../lib/gcc/avr/10.1.0/../../../../avr/lib/avr5\libm.a(fp_zero.o)
 .text          0x0000000000000092        0x0 e:/embeded system course/17/interface/avr-gcc-10.1.0-x64-windows/avr-gcc-10.1.0-x64-windows/bin/../lib/gcc/avr/10.1.0/../../../../avr/lib/avr5\libm.a(gesf2.o)
 .text          0x0000000000000092        0x0 e:/embeded system course/17/interface/avr-gcc-10.1.0-x64-windows/avr-gcc-10.1.0-x64-windows/bin/../lib/gcc/avr/10.1.0/../../../../avr/lib/avr5\libm.a(mulsf3.o)
 .text          0x0000000000000092        0x0 e:/embeded system course/17/interface/avr-gcc-10.1.0-x64-windows/avr-gcc-10.1.0-x64-windows/bin/../lib/gcc/avr/10.1.0/../../../../avr/lib/avr5\libm.a(mulsf3x.o)
 .text          0x0000000000000092        0x0 e:/embeded system course/17/interface/avr-gcc-10.1.0-x64-windows/avr-gcc-10.1.0-x64-windows/bin/../lib/gcc/avr/10.1.0/../../../../avr/lib/avr5\libm.a(fp_inf.o)
 .text          0x0000000000000092        0x0 e:/embeded system course/17/interface/avr-gcc-10.1.0-x64-windows/avr-gcc-10.1.0-x64-windows/bin/../lib/gcc/avr/10.1.0/../../../../avr/lib/avr5\libm.a(fp_nan.o)
 .text          0x0000000000000092        0x0 e:/embeded system course/17/interface/avr-gcc-10.1.0-x64-windows/avr-gcc-10.1.0-x64-windows/bin/../lib/gcc/avr/10.1.0/../../../../avr/lib/avr5\libm.a(fp_pscA.o)
 .text          0x0000000000000092        0x0 e:/embeded system course/17/interface/avr-gcc-10.1.0-x64-windows/avr-gcc-10.1.0-x64-windows/bin/../lib/gcc/avr/10.1.0/../../../../avr/lib/avr5\libm.a(fp_pscB.o)
 .text          0x0000000000000092        0x0 e:/embeded system course/17/interface/avr-gcc-10.1.0-x64-windows/avr-gcc-10.1.0-x64-windows/bin/../lib/gcc/avr/10.1.0/../../../../avr/lib/avr5\libm.a(fp_round.o)
                0x0000000000000092                . = ALIGN (0x2)
 *(.text.*)
 .text.MCAL_DIO_u8SetPinDir
                0x0000000000000092      0x17c ./DIO_program.o
                0x0000000000000092                MCAL_DIO_u8SetPinDir
 .text.MCAL_DIO_u8SetPortDir
                0x000000000000020e       0x7e ./DIO_program.o
                0x000000000000020e                MCAL_DIO_u8SetPortDir
 .text.MCAL_DIO_u8SetPinValue
                0x000000000000028c      0x17c ./DIO_program.o
                0x000000000000028c                MCAL_DIO_u8SetPinValue
 .text.MCAL_DIO_u8SetPortValue
                0x0000000000000408       0x7e ./DIO_program.o
                0x0000000000000408                MCAL_DIO_u8SetPortValue
 .text.MCAL_DIO_u8GetPinValue
                0x0000000000000486      0x110 ./DIO_program.o
                0x0000000000000486                MCAL_DIO_u8GetPinValue
 .text.MCAL_DIO_u8GetPortValue
                0x0000000000000596       0x9a ./DIO_program.o
                0x0000000000000596                MCAL_DIO_u8GetPortValue
 .text.MCAL_DIO_u8SetPinInputType
                0x0000000000000630      0x17c ./DIO_program.o
                0x0000000000000630                MCAL_DIO_u8SetPinInputType
 .text.MCAL_DIO_u8SetPortInputType
                0x00000000000007ac       0x7e ./DIO_program.o
                0x00000000000007ac                MCAL_DIO_u8SetPortInputType
 .text.LED0_ON  0x000000000000082a       0x24 ./LED.o
                0x000000000000082a                LED0_ON
 .text.LED0_OFF
                0x000000000000084e       0x24 ./LED.o
                0x000000000000084e                LED0_OFF
 .text.LED1_ON  0x0000000000000872       0x24 ./LED.o
                0x0000000000000872                LED1_ON
 .text.LED1_OFF
                0x0000000000000896       0x24 ./LED.o
                0x0000000000000896                LED1_OFF
 .text.LED2_ON  0x00000000000008ba       0x24 ./LED.o
                0x00000000000008ba                LED2_ON
 .text.LED2_OFF
                0x00000000000008de       0x24 ./LED.o
                0x00000000000008de                LED2_OFF
 .text.main     0x0000000000000902       0x18 ./SLAVE.o
                0x0000000000000902                main
 .text.process  0x000000000000091a       0x7c ./SLAVE.o
                0x000000000000091a                process
 .text.MCAL_SPI_MasterInit
                0x0000000000000996      0x140 ./SPI_program.o
                0x0000000000000996                MCAL_SPI_MasterInit
 .text.MCAL_SPI_SlaveInit
                0x0000000000000ad6       0xa2 ./SPI_program.o
                0x0000000000000ad6                MCAL_SPI_SlaveInit
 .text.MCAL_SPI_Master_DataBusyWait
                0x0000000000000b78       0xa0 ./SPI_program.o
                0x0000000000000b78                MCAL_SPI_Master_DataBusyWait
 .text.MCAL_SPI_Slave_DataBusyWait
                0x0000000000000c18       0x8c ./SPI_program.o
                0x0000000000000c18                MCAL_SPI_Slave_DataBusyWait
 .text.MCAL_SPI_Master_DataCallBack
                0x0000000000000ca4       0x84 ./SPI_program.o
                0x0000000000000ca4                MCAL_SPI_Master_DataCallBack
 .text.MCAL_SPI_Slave_DataCallBack
                0x0000000000000d28       0x78 ./SPI_program.o
                0x0000000000000d28                MCAL_SPI_Slave_DataCallBack
 .text.MCAL_SPI_MasterString
                0x0000000000000da0      0x190 ./SPI_program.o
                0x0000000000000da0                MCAL_SPI_MasterString
 .text.MCAL_SPI_SlaveString
                0x0000000000000f30       0x6c ./SPI_program.o
                0x0000000000000f30                MCAL_SPI_SlaveString
 .text.__vector_12
                0x0000000000000f9c       0xf2 ./SPI_program.o
                0x0000000000000f9c                __vector_12
 .text.libgcc.mul
                0x000000000000108e        0x0 e:/embeded system course/17/interface/avr-gcc-10.1.0-x64-windows/avr-gcc-10.1.0-x64-windows/bin/../lib/gcc/avr/10.1.0/avr5\libgcc.a(_exit.o)
 .text.libgcc.div
                0x000000000000108e        0x0 e:/embeded system course/17/interface/avr-gcc-10.1.0-x64-windows/avr-gcc-10.1.0-x64-windows/bin/../lib/gcc/avr/10.1.0/avr5\libgcc.a(_exit.o)
 .text.libgcc   0x000000000000108e        0x0 e:/embeded system course/17/interface/avr-gcc-10.1.0-x64-windows/avr-gcc-10.1.0-x64-windows/bin/../lib/gcc/avr/10.1.0/avr5\libgcc.a(_exit.o)
 .text.libgcc.prologue
                0x000000000000108e        0x0 e:/embeded system course/17/interface/avr-gcc-10.1.0-x64-windows/avr-gcc-10.1.0-x64-windows/bin/../lib/gcc/avr/10.1.0/avr5\libgcc.a(_exit.o)
 .text.libgcc.builtins
                0x000000000000108e        0x0 e:/embeded system course/17/interface/avr-gcc-10.1.0-x64-windows/avr-gcc-10.1.0-x64-windows/bin/../lib/gcc/avr/10.1.0/avr5\libgcc.a(_exit.o)
 .text.libgcc.fmul
                0x000000000000108e        0x0 e:/embeded system course/17/interface/avr-gcc-10.1.0-x64-windows/avr-gcc-10.1.0-x64-windows/bin/../lib/gcc/avr/10.1.0/avr5\libgcc.a(_exit.o)
 .text.libgcc.fixed
                0x000000000000108e        0x0 e:/embeded system course/17/interface/avr-gcc-10.1.0-x64-windows/avr-gcc-10.1.0-x64-windows/bin/../lib/gcc/avr/10.1.0/avr5\libgcc.a(_exit.o)
 .text.libgcc.mul
                0x000000000000108e        0x0 e:/embeded system course/17/interface/avr-gcc-10.1.0-x64-windows/avr-gcc-10.1.0-x64-windows/bin/../lib/gcc/avr/10.1.0/avr5\libgcc.a(_copy_data.o)
 .text.libgcc.div
                0x000000000000108e        0x0 e:/embeded system course/17/interface/avr-gcc-10.1.0-x64-windows/avr-gcc-10.1.0-x64-windows/bin/../lib/gcc/avr/10.1.0/avr5\libgcc.a(_copy_data.o)
 .text.libgcc   0x000000000000108e        0x0 e:/embeded system course/17/interface/avr-gcc-10.1.0-x64-windows/avr-gcc-10.1.0-x64-windows/bin/../lib/gcc/avr/10.1.0/avr5\libgcc.a(_copy_data.o)
 .text.libgcc.prologue
                0x000000000000108e        0x0 e:/embeded system course/17/interface/avr-gcc-10.1.0-x64-windows/avr-gcc-10.1.0-x64-windows/bin/../lib/gcc/avr/10.1.0/avr5\libgcc.a(_copy_data.o)
 .text.libgcc.builtins
                0x000000000000108e        0x0 e:/embeded system course/17/interface/avr-gcc-10.1.0-x64-windows/avr-gcc-10.1.0-x64-windows/bin/../lib/gcc/avr/10.1.0/avr5\libgcc.a(_copy_data.o)
 .text.libgcc.fmul
                0x000000000000108e        0x0 e:/embeded system course/17/interface/avr-gcc-10.1.0-x64-windows/avr-gcc-10.1.0-x64-windows/bin/../lib/gcc/avr/10.1.0/avr5\libgcc.a(_copy_data.o)
 .text.libgcc.fixed
                0x000000000000108e        0x0 e:/embeded system course/17/interface/avr-gcc-10.1.0-x64-windows/avr-gcc-10.1.0-x64-windows/bin/../lib/gcc/avr/10.1.0/avr5\libgcc.a(_copy_data.o)
 .text.libgcc.mul
                0x000000000000108e        0x0 e:/embeded system course/17/interface/avr-gcc-10.1.0-x64-windows/avr-gcc-10.1.0-x64-windows/bin/../lib/gcc/avr/10.1.0/avr5\libgcc.a(_clear_bss.o)
 .text.libgcc.div
                0x000000000000108e        0x0 e:/embeded system course/17/interface/avr-gcc-10.1.0-x64-windows/avr-gcc-10.1.0-x64-windows/bin/../lib/gcc/avr/10.1.0/avr5\libgcc.a(_clear_bss.o)
 .text.libgcc   0x000000000000108e        0x0 e:/embeded system course/17/interface/avr-gcc-10.1.0-x64-windows/avr-gcc-10.1.0-x64-windows/bin/../lib/gcc/avr/10.1.0/avr5\libgcc.a(_clear_bss.o)
 .text.libgcc.prologue
                0x000000000000108e        0x0 e:/embeded system course/17/interface/avr-gcc-10.1.0-x64-windows/avr-gcc-10.1.0-x64-windows/bin/../lib/gcc/avr/10.1.0/avr5\libgcc.a(_clear_bss.o)
 .text.libgcc.builtins
                0x000000000000108e        0x0 e:/embeded system course/17/interface/avr-gcc-10.1.0-x64-windows/avr-gcc-10.1.0-x64-windows/bin/../lib/gcc/avr/10.1.0/avr5\libgcc.a(_clear_bss.o)
 .text.libgcc.fmul
                0x000000000000108e        0x0 e:/embeded system course/17/interface/avr-gcc-10.1.0-x64-windows/avr-gcc-10.1.0-x64-windows/bin/../lib/gcc/avr/10.1.0/avr5\libgcc.a(_clear_bss.o)
 .text.libgcc.fixed
                0x000000000000108e        0x0 e:/embeded system course/17/interface/avr-gcc-10.1.0-x64-windows/avr-gcc-10.1.0-x64-windows/bin/../lib/gcc/avr/10.1.0/avr5\libgcc.a(_clear_bss.o)
 .text.avr-libc.fplib
                0x000000000000108e        0xa e:/embeded system course/17/interface/avr-gcc-10.1.0-x64-windows/avr-gcc-10.1.0-x64-windows/bin/../lib/gcc/avr/10.1.0/../../../../avr/lib/avr5\libm.a(cmpsf2.o)
                0x000000000000108e                __nesf2
                0x000000000000108e                __eqsf2
                0x000000000000108e                __cmpsf2
                0x000000000000108e                __ltsf2
                0x000000000000108e                __lesf2
 .text.avr-libc.fplib
                0x0000000000001098       0x5e e:/embeded system course/17/interface/avr-gcc-10.1.0-x64-windows/avr-gcc-10.1.0-x64-windows/bin/../lib/gcc/avr/10.1.0/../../../../avr/lib/avr5\libm.a(fixunssfsi.o)
                0x0000000000001098                __fixunssfsi
 .text.avr-libc.fplib
                0x00000000000010f6       0x48 e:/embeded system course/17/interface/avr-gcc-10.1.0-x64-windows/avr-gcc-10.1.0-x64-windows/bin/../lib/gcc/avr/10.1.0/../../../../avr/lib/avr5\libm.a(fp_cmp.o)
                0x00000000000010f6                __fp_cmp
 .text.avr-libc.fplib
                0x000000000000113e       0x44 e:/embeded system course/17/interface/avr-gcc-10.1.0-x64-windows/avr-gcc-10.1.0-x64-windows/bin/../lib/gcc/avr/10.1.0/../../../../avr/lib/avr5\libm.a(fp_split3.o)
                0x000000000000113e                __fp_split3
                0x000000000000114e                __fp_splitA
 .text.avr-libc.fplib
                0x0000000000001182        0xe e:/embeded system course/17/interface/avr-gcc-10.1.0-x64-windows/avr-gcc-10.1.0-x64-windows/bin/../lib/gcc/avr/10.1.0/../../../../avr/lib/avr5\libm.a(fp_zero.o)
                0x0000000000001182                __fp_zero
                0x0000000000001184                __fp_szero
 .text.avr-libc.fplib
                0x0000000000001190        0xa e:/embeded system course/17/interface/avr-gcc-10.1.0-x64-windows/avr-gcc-10.1.0-x64-windows/bin/../lib/gcc/avr/10.1.0/../../../../avr/lib/avr5\libm.a(gesf2.o)
                0x0000000000001190                __gesf2
                0x0000000000001190                __gtsf2
 .text.avr-libc.fplib
                0x000000000000119a        0x8 e:/embeded system course/17/interface/avr-gcc-10.1.0-x64-windows/avr-gcc-10.1.0-x64-windows/bin/../lib/gcc/avr/10.1.0/../../../../avr/lib/avr5\libm.a(mulsf3.o)
                0x000000000000119a                __mulsf3
 .text.avr-libc.fplib
                0x00000000000011a2       0xd2 e:/embeded system course/17/interface/avr-gcc-10.1.0-x64-windows/avr-gcc-10.1.0-x64-windows/bin/../lib/gcc/avr/10.1.0/../../../../avr/lib/avr5\libm.a(mulsf3x.o)
                0x00000000000011c0                __mulsf3x
                0x00000000000011c6                __mulsf3_pse
 .text.avr-libc.fplib
                0x0000000000001274        0xc e:/embeded system course/17/interface/avr-gcc-10.1.0-x64-windows/avr-gcc-10.1.0-x64-windows/bin/../lib/gcc/avr/10.1.0/../../../../avr/lib/avr5\libm.a(fp_inf.o)
                0x0000000000001274                __fp_inf
 .text.avr-libc.fplib
                0x0000000000001280        0x6 e:/embeded system course/17/interface/avr-gcc-10.1.0-x64-windows/avr-gcc-10.1.0-x64-windows/bin/../lib/gcc/avr/10.1.0/../../../../avr/lib/avr5\libm.a(fp_nan.o)
                0x0000000000001280                __fp_nan
 .text.avr-libc.fplib
                0x0000000000001286        0xe e:/embeded system course/17/interface/avr-gcc-10.1.0-x64-windows/avr-gcc-10.1.0-x64-windows/bin/../lib/gcc/avr/10.1.0/../../../../avr/lib/avr5\libm.a(fp_pscA.o)
                0x0000000000001286                __fp_pscA
 .text.avr-libc.fplib
                0x0000000000001294        0xe e:/embeded system course/17/interface/avr-gcc-10.1.0-x64-windows/avr-gcc-10.1.0-x64-windows/bin/../lib/gcc/avr/10.1.0/../../../../avr/lib/avr5\libm.a(fp_pscB.o)
                0x0000000000001294                __fp_pscB
 .text.avr-libc.fplib
                0x00000000000012a2       0x22 e:/embeded system course/17/interface/avr-gcc-10.1.0-x64-windows/avr-gcc-10.1.0-x64-windows/bin/../lib/gcc/avr/10.1.0/../../../../avr/lib/avr5\libm.a(fp_round.o)
                0x00000000000012a2                __fp_round
                0x00000000000012c4                . = ALIGN (0x2)
 *(.fini9)
 .fini9         0x00000000000012c4        0x0 e:/embeded system course/17/interface/avr-gcc-10.1.0-x64-windows/avr-gcc-10.1.0-x64-windows/bin/../lib/gcc/avr/10.1.0/avr5\libgcc.a(_exit.o)
                0x00000000000012c4                _exit
                0x00000000000012c4                exit
 *(.fini9)
 *(.fini8)
 *(.fini8)
 *(.fini7)
 *(.fini7)
 *(.fini6)
 *(.fini6)
 *(.fini5)
 *(.fini5)
 *(.fini4)
 *(.fini4)
 *(.fini3)
 *(.fini3)
 *(.fini2)
 *(.fini2)
 *(.fini1)
 *(.fini1)
 *(.fini0)
 .fini0         0x00000000000012c4        0x4 e:/embeded system course/17/interface/avr-gcc-10.1.0-x64-windows/avr-gcc-10.1.0-x64-windows/bin/../lib/gcc/avr/10.1.0/avr5\libgcc.a(_exit.o)
 *(.fini0)
 *(.hightext)
 *(.hightext*)
 *(.progmemx.*)
                0x00000000000012c8                . = ALIGN (0x2)
 *(.jumptables)
 *(.jumptables*)
                0x00000000000012c8                _etext = .

.data           0x0000000000800060        0x2 load address 0x00000000000012c8
                0x0000000000800060                PROVIDE (__data_start = .)
 *(.data)
 .data          0x0000000000800060        0x0 e:/embeded system course/17/interface/avr-gcc-10.1.0-x64-windows/avr-gcc-10.1.0-x64-windows/bin/../lib/gcc/avr/10.1.0/../../../../avr/lib/avr5/crtatmega32.o
 .data          0x0000000000800060        0x0 ./DIO_program.o
 .data          0x0000000000800060        0x0 ./LED.o
 .data          0x0000000000800060        0x0 ./SLAVE.o
 .data          0x0000000000800060        0x0 ./SPI_program.o
 .data          0x0000000000800060        0x0 e:/embeded system course/17/interface/avr-gcc-10.1.0-x64-windows/avr-gcc-10.1.0-x64-windows/bin/../lib/gcc/avr/10.1.0/avr5\libgcc.a(_exit.o)
 .data          0x0000000000800060        0x0 e:/embeded system course/17/interface/avr-gcc-10.1.0-x64-windows/avr-gcc-10.1.0-x64-windows/bin/../lib/gcc/avr/10.1.0/avr5\libgcc.a(_copy_data.o)
 .data          0x0000000000800060        0x0 e:/embeded system course/17/interface/avr-gcc-10.1.0-x64-windows/avr-gcc-10.1.0-x64-windows/bin/../lib/gcc/avr/10.1.0/avr5\libgcc.a(_clear_bss.o)
 .data          0x0000000000800060        0x0 e:/embeded system course/17/interface/avr-gcc-10.1.0-x64-windows/avr-gcc-10.1.0-x64-windows/bin/../lib/gcc/avr/10.1.0/../../../../avr/lib/avr5\libm.a(cmpsf2.o)
 .data          0x0000000000800060        0x0 e:/embeded system course/17/interface/avr-gcc-10.1.0-x64-windows/avr-gcc-10.1.0-x64-windows/bin/../lib/gcc/avr/10.1.0/../../../../avr/lib/avr5\libm.a(fixunssfsi.o)
 .data          0x0000000000800060        0x0 e:/embeded system course/17/interface/avr-gcc-10.1.0-x64-windows/avr-gcc-10.1.0-x64-windows/bin/../lib/gcc/avr/10.1.0/../../../../avr/lib/avr5\libm.a(fp_cmp.o)
 .data          0x0000000000800060        0x0 e:/embeded system course/17/interface/avr-gcc-10.1.0-x64-windows/avr-gcc-10.1.0-x64-windows/bin/../lib/gcc/avr/10.1.0/../../../../avr/lib/avr5\libm.a(fp_split3.o)
 .data          0x0000000000800060        0x0 e:/embeded system course/17/interface/avr-gcc-10.1.0-x64-windows/avr-gcc-10.1.0-x64-windows/bin/../lib/gcc/avr/10.1.0/../../../../avr/lib/avr5\libm.a(fp_zero.o)
 .data          0x0000000000800060        0x0 e:/embeded system course/17/interface/avr-gcc-10.1.0-x64-windows/avr-gcc-10.1.0-x64-windows/bin/../lib/gcc/avr/10.1.0/../../../../avr/lib/avr5\libm.a(gesf2.o)
 .data          0x0000000000800060        0x0 e:/embeded system course/17/interface/avr-gcc-10.1.0-x64-windows/avr-gcc-10.1.0-x64-windows/bin/../lib/gcc/avr/10.1.0/../../../../avr/lib/avr5\libm.a(mulsf3.o)
 .data          0x0000000000800060        0x0 e:/embeded system course/17/interface/avr-gcc-10.1.0-x64-windows/avr-gcc-10.1.0-x64-windows/bin/../lib/gcc/avr/10.1.0/../../../../avr/lib/avr5\libm.a(mulsf3x.o)
 .data          0x0000000000800060        0x0 e:/embeded system course/17/interface/avr-gcc-10.1.0-x64-windows/avr-gcc-10.1.0-x64-windows/bin/../lib/gcc/avr/10.1.0/../../../../avr/lib/avr5\libm.a(fp_inf.o)
 .data          0x0000000000800060        0x0 e:/embeded system course/17/interface/avr-gcc-10.1.0-x64-windows/avr-gcc-10.1.0-x64-windows/bin/../lib/gcc/avr/10.1.0/../../../../avr/lib/avr5\libm.a(fp_nan.o)
 .data          0x0000000000800060        0x0 e:/embeded system course/17/interface/avr-gcc-10.1.0-x64-windows/avr-gcc-10.1.0-x64-windows/bin/../lib/gcc/avr/10.1.0/../../../../avr/lib/avr5\libm.a(fp_pscA.o)
 .data          0x0000000000800060        0x0 e:/embeded system course/17/interface/avr-gcc-10.1.0-x64-windows/avr-gcc-10.1.0-x64-windows/bin/../lib/gcc/avr/10.1.0/../../../../avr/lib/avr5\libm.a(fp_pscB.o)
 .data          0x0000000000800060        0x0 e:/embeded system course/17/interface/avr-gcc-10.1.0-x64-windows/avr-gcc-10.1.0-x64-windows/bin/../lib/gcc/avr/10.1.0/../../../../avr/lib/avr5\libm.a(fp_round.o)
 *(.data*)
 .data.g_MasterMode
                0x0000000000800060        0x1 ./SPI_program.o
                0x0000000000800060                g_MasterMode
 *(.gnu.linkonce.d*)
 *(.rodata)
 *(.rodata*)
 *(.gnu.linkonce.r*)
                0x0000000000800062                . = ALIGN (0x2)
 *fill*         0x0000000000800061        0x1 
                0x0000000000800062                _edata = .
                0x0000000000800062                PROVIDE (__data_end = .)

.bss            0x0000000000800062        0x4
                0x0000000000800062                PROVIDE (__bss_start = .)
 *(.bss)
 .bss           0x0000000000800062        0x0 e:/embeded system course/17/interface/avr-gcc-10.1.0-x64-windows/avr-gcc-10.1.0-x64-windows/bin/../lib/gcc/avr/10.1.0/../../../../avr/lib/avr5/crtatmega32.o
 .bss           0x0000000000800062        0x0 ./DIO_program.o
 .bss           0x0000000000800062        0x0 ./LED.o
 .bss           0x0000000000800062        0x0 ./SLAVE.o
 .bss           0x0000000000800062        0x0 ./SPI_program.o
 .bss           0x0000000000800062        0x0 e:/embeded system course/17/interface/avr-gcc-10.1.0-x64-windows/avr-gcc-10.1.0-x64-windows/bin/../lib/gcc/avr/10.1.0/avr5\libgcc.a(_exit.o)
 .bss           0x0000000000800062        0x0 e:/embeded system course/17/interface/avr-gcc-10.1.0-x64-windows/avr-gcc-10.1.0-x64-windows/bin/../lib/gcc/avr/10.1.0/avr5\libgcc.a(_copy_data.o)
 .bss           0x0000000000800062        0x0 e:/embeded system course/17/interface/avr-gcc-10.1.0-x64-windows/avr-gcc-10.1.0-x64-windows/bin/../lib/gcc/avr/10.1.0/avr5\libgcc.a(_clear_bss.o)
 .bss           0x0000000000800062        0x0 e:/embeded system course/17/interface/avr-gcc-10.1.0-x64-windows/avr-gcc-10.1.0-x64-windows/bin/../lib/gcc/avr/10.1.0/../../../../avr/lib/avr5\libm.a(cmpsf2.o)
 .bss           0x0000000000800062        0x0 e:/embeded system course/17/interface/avr-gcc-10.1.0-x64-windows/avr-gcc-10.1.0-x64-windows/bin/../lib/gcc/avr/10.1.0/../../../../avr/lib/avr5\libm.a(fixunssfsi.o)
 .bss           0x0000000000800062        0x0 e:/embeded system course/17/interface/avr-gcc-10.1.0-x64-windows/avr-gcc-10.1.0-x64-windows/bin/../lib/gcc/avr/10.1.0/../../../../avr/lib/avr5\libm.a(fp_cmp.o)
 .bss           0x0000000000800062        0x0 e:/embeded system course/17/interface/avr-gcc-10.1.0-x64-windows/avr-gcc-10.1.0-x64-windows/bin/../lib/gcc/avr/10.1.0/../../../../avr/lib/avr5\libm.a(fp_split3.o)
 .bss           0x0000000000800062        0x0 e:/embeded system course/17/interface/avr-gcc-10.1.0-x64-windows/avr-gcc-10.1.0-x64-windows/bin/../lib/gcc/avr/10.1.0/../../../../avr/lib/avr5\libm.a(fp_zero.o)
 .bss           0x0000000000800062        0x0 e:/embeded system course/17/interface/avr-gcc-10.1.0-x64-windows/avr-gcc-10.1.0-x64-windows/bin/../lib/gcc/avr/10.1.0/../../../../avr/lib/avr5\libm.a(gesf2.o)
 .bss           0x0000000000800062        0x0 e:/embeded system course/17/interface/avr-gcc-10.1.0-x64-windows/avr-gcc-10.1.0-x64-windows/bin/../lib/gcc/avr/10.1.0/../../../../avr/lib/avr5\libm.a(mulsf3.o)
 .bss           0x0000000000800062        0x0 e:/embeded system course/17/interface/avr-gcc-10.1.0-x64-windows/avr-gcc-10.1.0-x64-windows/bin/../lib/gcc/avr/10.1.0/../../../../avr/lib/avr5\libm.a(mulsf3x.o)
 .bss           0x0000000000800062        0x0 e:/embeded system course/17/interface/avr-gcc-10.1.0-x64-windows/avr-gcc-10.1.0-x64-windows/bin/../lib/gcc/avr/10.1.0/../../../../avr/lib/avr5\libm.a(fp_inf.o)
 .bss           0x0000000000800062        0x0 e:/embeded system course/17/interface/avr-gcc-10.1.0-x64-windows/avr-gcc-10.1.0-x64-windows/bin/../lib/gcc/avr/10.1.0/../../../../avr/lib/avr5\libm.a(fp_nan.o)
 .bss           0x0000000000800062        0x0 e:/embeded system course/17/interface/avr-gcc-10.1.0-x64-windows/avr-gcc-10.1.0-x64-windows/bin/../lib/gcc/avr/10.1.0/../../../../avr/lib/avr5\libm.a(fp_pscA.o)
 .bss           0x0000000000800062        0x0 e:/embeded system course/17/interface/avr-gcc-10.1.0-x64-windows/avr-gcc-10.1.0-x64-windows/bin/../lib/gcc/avr/10.1.0/../../../../avr/lib/avr5\libm.a(fp_pscB.o)
 .bss           0x0000000000800062        0x0 e:/embeded system course/17/interface/avr-gcc-10.1.0-x64-windows/avr-gcc-10.1.0-x64-windows/bin/../lib/gcc/avr/10.1.0/../../../../avr/lib/avr5\libm.a(fp_round.o)
 *(.bss*)
 .bss.Call_Back_Master
                0x0000000000800062        0x2 ./SPI_program.o
 .bss.Call_Back_Slave
                0x0000000000800064        0x2 ./SPI_program.o
 *(COMMON)
                0x0000000000800066                PROVIDE (__bss_end = .)
                0x00000000000012c8                __data_load_start = LOADADDR (.data)
                0x00000000000012ca                __data_load_end = (__data_load_start + SIZEOF (.data))

.noinit         0x0000000000800066        0x0
                [!provide]                        PROVIDE (__noinit_start = .)
 *(.noinit*)
                [!provide]                        PROVIDE (__noinit_end = .)
                0x0000000000800066                _end = .
                [!provide]                        PROVIDE (__heap_start = .)

.eeprom         0x0000000000810000        0x0
 *(.eeprom*)
                0x0000000000810000                __eeprom_end = .

.fuse
 *(.fuse)
 *(.lfuse)
 *(.hfuse)
 *(.efuse)

.lock
 *(.lock*)

.signature
 *(.signature*)

.stab           0x0000000000000000     0x16f8
 *(.stab)
 .stab          0x0000000000000000      0x9a8 ./DIO_program.o
 .stab          0x00000000000009a8      0x2a0 ./LED.o
                                        0x2ac (size before relaxing)
 .stab          0x0000000000000c48      0x1c8 ./SLAVE.o
                                        0x1e0 (size before relaxing)
 .stab          0x0000000000000e10      0x8e8 ./SPI_program.o
                                        0x990 (size before relaxing)

.stabstr        0x0000000000000000      0x9d1
 *(.stabstr)
 .stabstr       0x0000000000000000      0x9d1 ./DIO_program.o

.stab.excl
 *(.stab.excl)

.stab.exclstr
 *(.stab.exclstr)

.stab.index
 *(.stab.index)

.stab.indexstr
 *(.stab.indexstr)

.comment        0x0000000000000000       0x12
 *(.comment)
 .comment       0x0000000000000000       0x12 ./DIO_program.o
                                         0x13 (size before relaxing)
 .comment       0x0000000000000012       0x13 ./LED.o
 .comment       0x0000000000000012       0x13 ./SLAVE.o
 .comment       0x0000000000000012       0x13 ./SPI_program.o

.note.gnu.avr.deviceinfo
                0x0000000000000000       0x3c
 .note.gnu.avr.deviceinfo
                0x0000000000000000       0x3c e:/embeded system course/17/interface/avr-gcc-10.1.0-x64-windows/avr-gcc-10.1.0-x64-windows/bin/../lib/gcc/avr/10.1.0/../../../../avr/lib/avr5/crtatmega32.o

.note.gnu.build-id
 *(.note.gnu.build-id)

.debug
 *(.debug)

.line
 *(.line)

.debug_srcinfo
 *(.debug_srcinfo)

.debug_sfnames
 *(.debug_sfnames)

.debug_aranges  0x0000000000000000       0x60
 *(.debug_aranges)
 .debug_aranges
                0x0000000000000000       0x20 e:/embeded system course/17/interface/avr-gcc-10.1.0-x64-windows/avr-gcc-10.1.0-x64-windows/bin/../lib/gcc/avr/10.1.0/avr5\libgcc.a(_exit.o)
 .debug_aranges
                0x0000000000000020       0x20 e:/embeded system course/17/interface/avr-gcc-10.1.0-x64-windows/avr-gcc-10.1.0-x64-windows/bin/../lib/gcc/avr/10.1.0/avr5\libgcc.a(_copy_data.o)
 .debug_aranges
                0x0000000000000040       0x20 e:/embeded system course/17/interface/avr-gcc-10.1.0-x64-windows/avr-gcc-10.1.0-x64-windows/bin/../lib/gcc/avr/10.1.0/avr5\libgcc.a(_clear_bss.o)

.debug_pubnames
 *(.debug_pubnames)

.debug_info     0x0000000000000000      0x558
 *(.debug_info .gnu.linkonce.wi.*)
 .debug_info    0x0000000000000000      0x4e6 e:/embeded system course/17/interface/avr-gcc-10.1.0-x64-windows/avr-gcc-10.1.0-x64-windows/bin/../lib/gcc/avr/10.1.0/../../../../avr/lib/avr5/crtatmega32.o
 .debug_info    0x00000000000004e6       0x26 e:/embeded system course/17/interface/avr-gcc-10.1.0-x64-windows/avr-gcc-10.1.0-x64-windows/bin/../lib/gcc/avr/10.1.0/avr5\libgcc.a(_exit.o)
 .debug_info    0x000000000000050c       0x26 e:/embeded system course/17/interface/avr-gcc-10.1.0-x64-windows/avr-gcc-10.1.0-x64-windows/bin/../lib/gcc/avr/10.1.0/avr5\libgcc.a(_copy_data.o)
 .debug_info    0x0000000000000532       0x26 e:/embeded system course/17/interface/avr-gcc-10.1.0-x64-windows/avr-gcc-10.1.0-x64-windows/bin/../lib/gcc/avr/10.1.0/avr5\libgcc.a(_clear_bss.o)

.debug_abbrev   0x0000000000000000      0x4df
 *(.debug_abbrev)
 .debug_abbrev  0x0000000000000000      0x4a3 e:/embeded system course/17/interface/avr-gcc-10.1.0-x64-windows/avr-gcc-10.1.0-x64-windows/bin/../lib/gcc/avr/10.1.0/../../../../avr/lib/avr5/crtatmega32.o
 .debug_abbrev  0x00000000000004a3       0x14 e:/embeded system course/17/interface/avr-gcc-10.1.0-x64-windows/avr-gcc-10.1.0-x64-windows/bin/../lib/gcc/avr/10.1.0/avr5\libgcc.a(_exit.o)
 .debug_abbrev  0x00000000000004b7       0x14 e:/embeded system course/17/interface/avr-gcc-10.1.0-x64-windows/avr-gcc-10.1.0-x64-windows/bin/../lib/gcc/avr/10.1.0/avr5\libgcc.a(_copy_data.o)
 .debug_abbrev  0x00000000000004cb       0x14 e:/embeded system course/17/interface/avr-gcc-10.1.0-x64-windows/avr-gcc-10.1.0-x64-windows/bin/../lib/gcc/avr/10.1.0/avr5\libgcc.a(_clear_bss.o)

.debug_line     0x0000000000000000      0x19a
 *(.debug_line .debug_line.* .debug_line_end)
 .debug_line    0x0000000000000000       0x1d e:/embeded system course/17/interface/avr-gcc-10.1.0-x64-windows/avr-gcc-10.1.0-x64-windows/bin/../lib/gcc/avr/10.1.0/../../../../avr/lib/avr5/crtatmega32.o
 .debug_line    0x000000000000001d       0x61 e:/embeded system course/17/interface/avr-gcc-10.1.0-x64-windows/avr-gcc-10.1.0-x64-windows/bin/../lib/gcc/avr/10.1.0/avr5\libgcc.a(_exit.o)
 .debug_line    0x000000000000007e       0x97 e:/embeded system course/17/interface/avr-gcc-10.1.0-x64-windows/avr-gcc-10.1.0-x64-windows/bin/../lib/gcc/avr/10.1.0/avr5\libgcc.a(_copy_data.o)
 .debug_line    0x0000000000000115       0x85 e:/embeded system course/17/interface/avr-gcc-10.1.0-x64-windows/avr-gcc-10.1.0-x64-windows/bin/../lib/gcc/avr/10.1.0/avr5\libgcc.a(_clear_bss.o)

.debug_frame
 *(.debug_frame)

.debug_str      0x0000000000000000      0x1f8
 *(.debug_str)
 .debug_str     0x0000000000000000      0x199 e:/embeded system course/17/interface/avr-gcc-10.1.0-x64-windows/avr-gcc-10.1.0-x64-windows/bin/../lib/gcc/avr/10.1.0/../../../../avr/lib/avr5/crtatmega32.o
 .debug_str     0x0000000000000199       0x5f e:/embeded system course/17/interface/avr-gcc-10.1.0-x64-windows/avr-gcc-10.1.0-x64-windows/bin/../lib/gcc/avr/10.1.0/avr5\libgcc.a(_exit.o)
 .debug_str     0x00000000000001f8       0x5f e:/embeded system course/17/interface/avr-gcc-10.1.0-x64-windows/avr-gcc-10.1.0-x64-windows/bin/../lib/gcc/avr/10.1.0/avr5\libgcc.a(_copy_data.o)
 .debug_str     0x00000000000001f8       0x5f e:/embeded system course/17/interface/avr-gcc-10.1.0-x64-windows/avr-gcc-10.1.0-x64-windows/bin/../lib/gcc/avr/10.1.0/avr5\libgcc.a(_clear_bss.o)

.debug_loc
 *(.debug_loc)

.debug_macinfo
 *(.debug_macinfo)

.debug_weaknames
 *(.debug_weaknames)

.debug_funcnames
 *(.debug_funcnames)

.debug_typenames
 *(.debug_typenames)

.debug_varnames
 *(.debug_varnames)

.debug_pubtypes
 *(.debug_pubtypes)

.debug_ranges
 *(.debug_ranges)

.debug_macro
 *(.debug_macro)

.debug_addr
 *(.debug_addr)
OUTPUT(SLAVE.BELAL.elf elf32-avr)
LOAD linker stubs
